// Jest Snapshot v1, https://goo.gl/fbAQLP

exports[`Footer Snapshot Test 1`] = `
<div
  className="makeStyles-footer-1"
>
  <p
    className="MuiTypography-root MuiTypography-body2 MuiTypography-colorTextSecondary MuiTypography-alignCenter"
  >
    Copyright Â© 
    <a
      className="MuiTypography-root MuiLink-root MuiLink-underlineHover MuiTypography-colorInherit"
      href="https://github.com/ebina4yaka/"
      onBlur={[Function]}
      onFocus={[Function]}
    >
       ebina4yaka 
    </a>
    2020.
  </p>
</div>
`;
