// Jest Snapshot v1, https://goo.gl/fbAQLP

exports[`Menu Snapshot Test 1`] = `null`;
