// Jest Snapshot v1, https://goo.gl/fbAQLP

exports[`Summation 1`] = `
Array [
  <div
    className="makeStyles-container-1"
  >
    <div>
      <div
        className="makeStyles-number-3"
      >
        10
      </div>
      <div
        className="makeStyles-sigma-2"
      >
        Î£
      </div>
      <div
        className="makeStyles-number-3"
      >
        k = 
        1
      </div>
    </div>
    <div
      className="makeStyles-number-3"
    >
      1
       * k
    </div>
    <div
      className="makeStyles-answer-4"
    >
      <div
        className="makeStyles-number-3"
      >
         = 
        55
      </div>
    </div>
  </div>,
  <div
    className="makeStyles-container-5"
  >
    <div
      className="MuiFormControl-root MuiTextField-root makeStyles-textField-6"
    >
      <div
        className="MuiInputBase-root MuiInput-root MuiInput-underline MuiInputBase-formControl MuiInput-formControl MuiInputBase-adornedStart"
        onClick={[Function]}
      >
        <div
          className="MuiInputAdornment-root MuiInputAdornment-positionStart"
        >
          <p
            className="MuiTypography-root MuiTypography-body1 MuiTypography-colorTextSecondary"
          >
            n=
          </p>
        </div>
        <input
          aria-invalid={false}
          autoFocus={false}
          className="MuiInputBase-input MuiInput-input MuiInputBase-inputAdornedStart"
          disabled={false}
          onAnimationStart={[Function]}
          onBlur={[Function]}
          onChange={[Function]}
          onFocus={[Function]}
          required={false}
          type="number"
          value={10}
        />
      </div>
    </div>
    <div
      className="MuiFormControl-root MuiTextField-root makeStyles-textField-6"
    >
      <div
        className="MuiInputBase-root MuiInput-root MuiInput-underline MuiInputBase-formControl MuiInput-formControl MuiInputBase-adornedStart"
        onClick={[Function]}
      >
        <div
          className="MuiInputAdornment-root MuiInputAdornment-positionStart"
        >
          <p
            className="MuiTypography-root MuiTypography-body1 MuiTypography-colorTextSecondary"
          >
            k=
          </p>
        </div>
        <input
          aria-invalid={false}
          autoFocus={false}
          className="MuiInputBase-input MuiInput-input MuiInputBase-inputAdornedStart"
          disabled={false}
          onAnimationStart={[Function]}
          onBlur={[Function]}
          onChange={[Function]}
          onFocus={[Function]}
          required={false}
          type="number"
          value={1}
        />
      </div>
    </div>
    <div
      className="MuiFormControl-root MuiTextField-root makeStyles-textField-6"
    >
      <div
        className="MuiInputBase-root MuiInput-root MuiInput-underline MuiInputBase-formControl MuiInput-formControl MuiInputBase-adornedStart"
        onClick={[Function]}
      >
        <div
          className="MuiInputAdornment-root MuiInputAdornment-positionStart"
        >
          <p
            className="MuiTypography-root MuiTypography-body1 MuiTypography-colorTextSecondary"
          >
            a=
          </p>
        </div>
        <input
          aria-invalid={false}
          autoFocus={false}
          className="MuiInputBase-input MuiInput-input MuiInputBase-inputAdornedStart"
          disabled={false}
          onAnimationStart={[Function]}
          onBlur={[Function]}
          onChange={[Function]}
          onFocus={[Function]}
          required={false}
          type="number"
          value={1}
        />
      </div>
    </div>
  </div>,
]
`;
